V3 20
FL C:/Users/Joan/Desktop/LeccionU2/EjerciciosPart01/Contador_CargaP.vhd 2022/07/11.13:07:48 P.20131013
EN work/Contador_CargaP 0 \
      FL C:/Users/Joan/Desktop/LeccionU2/EjerciciosPart01/Contador_CargaP.vhd \
      PB ieee/std_logic_1164 1381692176
AR work/Contador_CargaP/Behavioral 0 \
      FL C:/Users/Joan/Desktop/LeccionU2/EjerciciosPart01/Contador_CargaP.vhd \
      EN work/Contador_CargaP 0
FL C:/Users/Joan/Desktop/LeccionU2/EjerciciosPart01/Contador_reset_load.vhd 2022/07/11.13:24:36 P.20131013
EN work/Contador_reset_load 0 \
      FL C:/Users/Joan/Desktop/LeccionU2/EjerciciosPart01/Contador_reset_load.vhd \
      PB ieee/std_logic_1164 1381692176 PB ieee/std_logic_arith 1381692177
AR work/Contador_reset_load/Behavioral 0 \
      FL C:/Users/Joan/Desktop/LeccionU2/EjerciciosPart01/Contador_reset_load.vhd \
      EN work/Contador_reset_load 0
FL C:/Users/Joan/Desktop/LeccionU2/EjerciciosPart01/Flip_Signal.vhd 2022/07/11.08:52:44 P.20131013
EN work/Flip_Signal 0 \
      FL C:/Users/Joan/Desktop/LeccionU2/EjerciciosPart01/Flip_Signal.vhd \
      PB ieee/std_logic_1164 1381692176 PB ieee/std_logic_arith 1381692177
AR work/Flip_Signal/Behavioral 0 \
      FL C:/Users/Joan/Desktop/LeccionU2/EjerciciosPart01/Flip_Signal.vhd \
      EN work/Flip_Signal 0
FL C:/Users/Joan/Desktop/LeccionU2/EjerciciosPart01/latch_Concurrente.vhd 2022/07/11.08:11:37 P.20131013
EN work/latch_Concurrente 1657545099 \
      FL C:/Users/Joan/Desktop/LeccionU2/EjerciciosPart01/latch_Concurrente.vhd \
      PB ieee/std_logic_1164 1381692176
AR work/latch_Concurrente/Behavioral 1657545100 \
      FL C:/Users/Joan/Desktop/LeccionU2/EjerciciosPart01/latch_Concurrente.vhd \
      EN work/latch_Concurrente 1657545099
FL C:/Users/Joan/Desktop/LeccionU2/EjerciciosPart01/latch_Process.vhd 2022/07/11.08:34:38 P.20131013
EN work/latch_Process 1657563897 \
      FL C:/Users/Joan/Desktop/LeccionU2/EjerciciosPart01/latch_Process.vhd \
      PB ieee/std_logic_1164 1381692176
AR work/latch_Process/Behavioral 1657563898 \
      FL C:/Users/Joan/Desktop/LeccionU2/EjerciciosPart01/latch_Process.vhd \
      EN work/latch_Process 1657563897
FL C:/Users/Joan/Desktop/LeccionU2/EjerciciosPart01/MaquinaEstado.vhd 2022/07/11.14:31:18 P.20131013
EN work/MaquinaEstado 1657567880 \
      FL C:/Users/Joan/Desktop/LeccionU2/EjerciciosPart01/MaquinaEstado.vhd \
      PB ieee/std_logic_1164 1381692176
AR work/MaquinaEstado/Behavioral 1657567881 \
      FL C:/Users/Joan/Desktop/LeccionU2/EjerciciosPart01/MaquinaEstado.vhd \
      EN work/MaquinaEstado 1657567880
FL C:/Users/Joan/Desktop/LeccionU2/EjerciciosPart01/megafunciones_Generic.vhd 2022/07/11.13:24:36 P.20131013
EN work/megafunciones_Generic 1657563877 \
      FL C:/Users/Joan/Desktop/LeccionU2/EjerciciosPart01/megafunciones_Generic.vhd \
      PB ieee/std_logic_1164 1381692176
